// Jest Snapshot v1, https://goo.gl/fbAQLP

exports[`expect to render CardList component 1`] = `
"<div className=\\"tc\\">
  <Card id={1} name=\\"john snow\\" username=\\"johnny5\\" email=\\"js@email.com\\" />
</div>"
`;
